Archive member included because of file (symbol)

/usr/lib/gcc/avr/4.8.2/avr5/libgcc.a(_exit.o)
                              /usr/lib/gcc/avr/4.8.2/../../../avr/lib/avr5/crtm32u4.o (exit)
/usr/lib/gcc/avr/4.8.2/avr5/libgcc.a(_tablejump.o)
                              lib/key-functions/private.o (__tablejump2__)
/usr/lib/gcc/avr/4.8.2/avr5/libgcc.a(_copy_data.o)
                              main.o (__do_copy_data)
/usr/lib/gcc/avr/4.8.2/avr5/libgcc.a(_clear_bss.o)
                              main.o (__do_clear_bss)

Allocating common symbols
Common symbol       size              file

main_loop_row       0x1               main.o
main_layers_pressed
                    0x54              main.o
consumer_key        0x2               lib-other/pjrc/usb_keyboard/usb_keyboard.o
main_arg_row        0x1               main.o
main_arg_layer      0x1               main.o
layers              0x28              main.o
main_arg_was_pressed
                    0x1               main.o
main_arg_is_pressed
                    0x1               main.o
main_loop_col       0x1               main.o
main_arg_layer_offset
                    0x1               main.o
last_consumer_key   0x2               lib-other/pjrc/usb_keyboard/usb_keyboard.o
main_arg_col        0x1               main.o

Discarded input sections

 .bss           0x0000000000000000        0x0 /usr/lib/gcc/avr/4.8.2/../../../avr/lib/avr5/crtm32u4.o
 .text          0x0000000000000000        0x0 main.o
 .bss           0x0000000000000000        0x0 main.o
 .text.main_layers_get_offset_id
                0x0000000000000000       0x2a main.o
 .text          0x0000000000000000        0x0 keyboard/ergodox/controller.o
 .bss           0x0000000000000000        0x0 keyboard/ergodox/controller.o
 .text          0x0000000000000000        0x0 keyboard/ergodox/controller/mcp23018.o
 .bss           0x0000000000000000        0x0 keyboard/ergodox/controller/mcp23018.o
 .text          0x0000000000000000        0x0 keyboard/ergodox/controller/teensy-2-0.o
 .bss           0x0000000000000000        0x0 keyboard/ergodox/controller/teensy-2-0.o
 .text          0x0000000000000000        0x0 keyboard/ergodox/layout/ergodox-mod-reyD.o
 .bss           0x0000000000000000        0x0 keyboard/ergodox/layout/ergodox-mod-reyD.o
 .text.kbfun_layer_pop_all
                0x0000000000000000       0x18 keyboard/ergodox/layout/ergodox-mod-reyD.o
 .text          0x0000000000000000        0x0 lib/key-functions/private.o
 .bss           0x0000000000000000        0x0 lib/key-functions/private.o
 .text._kbfun_toggle
                0x0000000000000000       0x28 lib/key-functions/private.o
 .text          0x0000000000000000        0x0 lib/twi/teensy-2-0.o
 .bss           0x0000000000000000        0x0 lib/twi/teensy-2-0.o
 .text          0x0000000000000000        0x0 lib/usb/TODO.o
 .bss           0x0000000000000000        0x0 lib/usb/TODO.o
 .text          0x0000000000000000        0x0 lib/key-functions/public/basic.o
 .bss           0x0000000000000000        0x0 lib/key-functions/public/basic.o
 .text.kbfun_toggle
                0x0000000000000000       0x50 lib/key-functions/public/basic.o
 .text.kbfun_transparent
                0x0000000000000000       0x30 lib/key-functions/public/basic.o
 .text.kbfun_layer_push_5
                0x0000000000000000        0x6 lib/key-functions/public/basic.o
 .text.kbfun_layer_pop_5
                0x0000000000000000        0x6 lib/key-functions/public/basic.o
 .text.kbfun_layer_push_6
                0x0000000000000000        0x6 lib/key-functions/public/basic.o
 .text.kbfun_layer_pop_6
                0x0000000000000000        0x6 lib/key-functions/public/basic.o
 .text.kbfun_layer_push_7
                0x0000000000000000        0x6 lib/key-functions/public/basic.o
 .text.kbfun_layer_pop_7
                0x0000000000000000        0x6 lib/key-functions/public/basic.o
 .text.kbfun_layer_push_8
                0x0000000000000000        0x6 lib/key-functions/public/basic.o
 .text.kbfun_layer_pop_8
                0x0000000000000000        0x6 lib/key-functions/public/basic.o
 .text.kbfun_layer_push_9
                0x0000000000000000        0x6 lib/key-functions/public/basic.o
 .text.kbfun_layer_pop_9
                0x0000000000000000        0x6 lib/key-functions/public/basic.o
 .text.kbfun_layer_push_10
                0x0000000000000000        0x6 lib/key-functions/public/basic.o
 .text.kbfun_layer_pop_10
                0x0000000000000000        0x6 lib/key-functions/public/basic.o
 .text          0x0000000000000000        0x0 lib/key-functions/public/device.o
 .bss           0x0000000000000000        0x0 lib/key-functions/public/device.o
 .text          0x0000000000000000        0x0 lib/key-functions/public/modrey.o
 .bss           0x0000000000000000        0x0 lib/key-functions/public/modrey.o
 .text.kbfun_press_release_with_left_shift
                0x0000000000000000       0x40 lib/key-functions/public/modrey.o
 .text.kbfun_press_release_with_right_shift
                0x0000000000000000       0x40 lib/key-functions/public/modrey.o
 .text.kbfun_press_release_with_left_shift_reversed
                0x0000000000000000       0x3e lib/key-functions/public/modrey.o
 .text.kbfun_press_release_with_right_shift_reversed
                0x0000000000000000       0x3e lib/key-functions/public/modrey.o
 .text.kbfun_press_release_with_altgr
                0x0000000000000000       0x40 lib/key-functions/public/modrey.o
 .text.kbfun_press_release_with_altgr_reversed
                0x0000000000000000       0x3e lib/key-functions/public/modrey.o
 .text.kbfun_press_release_with_left_alt
                0x0000000000000000       0x40 lib/key-functions/public/modrey.o
 .text.kbfun_press_release_with_left_alt_reversed
                0x0000000000000000       0x3e lib/key-functions/public/modrey.o
 .text.kbfun_mediakey_press_release_with_altgr
                0x0000000000000000        0xe lib/key-functions/public/modrey.o
 .text.kbfun_mediakey_press_release_with_altgr_reversed
                0x0000000000000000        0xe lib/key-functions/public/modrey.o
 .text          0x0000000000000000        0x0 lib/key-functions/public/special.o
 .bss           0x0000000000000000        0x0 lib/key-functions/public/special.o
 .text.numpad_toggle_numlock
                0x0000000000000000       0x18 lib/key-functions/public/special.o
 .text.kbfun_shift_press_release
                0x0000000000000000        0xe lib/key-functions/public/special.o
 .text.kbfun_2_keys_capslock_press_release
                0x0000000000000000       0xbe lib/key-functions/public/special.o
 .text.kbfun_layer_push_numpad
                0x0000000000000000       0x42 lib/key-functions/public/special.o
 .text.kbfun_layer_pop_numpad
                0x0000000000000000       0x10 lib/key-functions/public/special.o
 .bss.rshift_pressed.1854
                0x0000000000000000        0x1 lib/key-functions/public/special.o
 .bss.lshift_pressed.1853
                0x0000000000000000        0x1 lib/key-functions/public/special.o
 .bss.keys_pressed.1852
                0x0000000000000000        0x1 lib/key-functions/public/special.o
 .bss.numpad_layer_id
                0x0000000000000000        0x1 lib/key-functions/public/special.o
 .text          0x0000000000000000        0x0 lib-other/pjrc/usb_keyboard/usb_keyboard.o
 .bss           0x0000000000000000        0x0 lib-other/pjrc/usb_keyboard/usb_keyboard.o
 .text.usb_keyboard_press
                0x0000000000000000       0x1e lib-other/pjrc/usb_keyboard/usb_keyboard.o
 .text          0x0000000000000000        0x0 /usr/lib/gcc/avr/4.8.2/avr5/libgcc.a(_exit.o)
 .bss           0x0000000000000000        0x0 /usr/lib/gcc/avr/4.8.2/avr5/libgcc.a(_exit.o)
 .text.libgcc.mul
                0x0000000000000000        0x0 /usr/lib/gcc/avr/4.8.2/avr5/libgcc.a(_exit.o)
 .text.libgcc.div
                0x0000000000000000        0x0 /usr/lib/gcc/avr/4.8.2/avr5/libgcc.a(_exit.o)
 .text.libgcc   0x0000000000000000        0x0 /usr/lib/gcc/avr/4.8.2/avr5/libgcc.a(_exit.o)
 .text.libgcc.prologue
                0x0000000000000000        0x0 /usr/lib/gcc/avr/4.8.2/avr5/libgcc.a(_exit.o)
 .text.libgcc.builtins
                0x0000000000000000        0x0 /usr/lib/gcc/avr/4.8.2/avr5/libgcc.a(_exit.o)
 .text.libgcc.fmul
                0x0000000000000000        0x0 /usr/lib/gcc/avr/4.8.2/avr5/libgcc.a(_exit.o)
 .text.libgcc.fixed
                0x0000000000000000        0x0 /usr/lib/gcc/avr/4.8.2/avr5/libgcc.a(_exit.o)
 .text          0x0000000000000000        0x0 /usr/lib/gcc/avr/4.8.2/avr5/libgcc.a(_tablejump.o)
 .bss           0x0000000000000000        0x0 /usr/lib/gcc/avr/4.8.2/avr5/libgcc.a(_tablejump.o)
 .text.libgcc.mul
                0x0000000000000000        0x0 /usr/lib/gcc/avr/4.8.2/avr5/libgcc.a(_tablejump.o)
 .text.libgcc.div
                0x0000000000000000        0x0 /usr/lib/gcc/avr/4.8.2/avr5/libgcc.a(_tablejump.o)
 .text.libgcc.prologue
                0x0000000000000000        0x0 /usr/lib/gcc/avr/4.8.2/avr5/libgcc.a(_tablejump.o)
 .text.libgcc.builtins
                0x0000000000000000        0x0 /usr/lib/gcc/avr/4.8.2/avr5/libgcc.a(_tablejump.o)
 .text.libgcc.fmul
                0x0000000000000000        0x0 /usr/lib/gcc/avr/4.8.2/avr5/libgcc.a(_tablejump.o)
 .text.libgcc.fixed
                0x0000000000000000        0x0 /usr/lib/gcc/avr/4.8.2/avr5/libgcc.a(_tablejump.o)
 .text          0x0000000000000000        0x0 /usr/lib/gcc/avr/4.8.2/avr5/libgcc.a(_copy_data.o)
 .bss           0x0000000000000000        0x0 /usr/lib/gcc/avr/4.8.2/avr5/libgcc.a(_copy_data.o)
 .text.libgcc.mul
                0x0000000000000000        0x0 /usr/lib/gcc/avr/4.8.2/avr5/libgcc.a(_copy_data.o)
 .text.libgcc.div
                0x0000000000000000        0x0 /usr/lib/gcc/avr/4.8.2/avr5/libgcc.a(_copy_data.o)
 .text.libgcc   0x0000000000000000        0x0 /usr/lib/gcc/avr/4.8.2/avr5/libgcc.a(_copy_data.o)
 .text.libgcc.prologue
                0x0000000000000000        0x0 /usr/lib/gcc/avr/4.8.2/avr5/libgcc.a(_copy_data.o)
 .text.libgcc.builtins
                0x0000000000000000        0x0 /usr/lib/gcc/avr/4.8.2/avr5/libgcc.a(_copy_data.o)
 .text.libgcc.fmul
                0x0000000000000000        0x0 /usr/lib/gcc/avr/4.8.2/avr5/libgcc.a(_copy_data.o)
 .text.libgcc.fixed
                0x0000000000000000        0x0 /usr/lib/gcc/avr/4.8.2/avr5/libgcc.a(_copy_data.o)
 .text          0x0000000000000000        0x0 /usr/lib/gcc/avr/4.8.2/avr5/libgcc.a(_clear_bss.o)
 .bss           0x0000000000000000        0x0 /usr/lib/gcc/avr/4.8.2/avr5/libgcc.a(_clear_bss.o)
 .text.libgcc.mul
                0x0000000000000000        0x0 /usr/lib/gcc/avr/4.8.2/avr5/libgcc.a(_clear_bss.o)
 .text.libgcc.div
                0x0000000000000000        0x0 /usr/lib/gcc/avr/4.8.2/avr5/libgcc.a(_clear_bss.o)
 .text.libgcc   0x0000000000000000        0x0 /usr/lib/gcc/avr/4.8.2/avr5/libgcc.a(_clear_bss.o)
 .text.libgcc.prologue
                0x0000000000000000        0x0 /usr/lib/gcc/avr/4.8.2/avr5/libgcc.a(_clear_bss.o)
 .text.libgcc.builtins
                0x0000000000000000        0x0 /usr/lib/gcc/avr/4.8.2/avr5/libgcc.a(_clear_bss.o)
 .text.libgcc.fmul
                0x0000000000000000        0x0 /usr/lib/gcc/avr/4.8.2/avr5/libgcc.a(_clear_bss.o)
 .text.libgcc.fixed
                0x0000000000000000        0x0 /usr/lib/gcc/avr/4.8.2/avr5/libgcc.a(_clear_bss.o)

Memory Configuration

Name             Origin             Length             Attributes
text             0x0000000000000000 0x0000000000020000 xr
data             0x0000000000800060 0x000000000000ffa0 rw !x
eeprom           0x0000000000810000 0x0000000000010000 rw !x
fuse             0x0000000000820000 0x0000000000000400 rw !x
lock             0x0000000000830000 0x0000000000000400 rw !x
signature        0x0000000000840000 0x0000000000000400 rw !x
user_signatures  0x0000000000850000 0x0000000000000400 rw !x
*default*        0x0000000000000000 0xffffffffffffffff

Linker script and memory map

Address of section .data set to 0x800100
LOAD /usr/lib/gcc/avr/4.8.2/../../../avr/lib/avr5/crtm32u4.o
LOAD main.o
LOAD keyboard/ergodox/controller.o
LOAD keyboard/ergodox/controller/mcp23018.o
LOAD keyboard/ergodox/controller/teensy-2-0.o
LOAD keyboard/ergodox/layout/ergodox-mod-reyD.o
LOAD lib/key-functions/private.o
LOAD lib/twi/teensy-2-0.o
LOAD lib/usb/TODO.o
LOAD lib/key-functions/public/basic.o
LOAD lib/key-functions/public/device.o
LOAD lib/key-functions/public/modrey.o
LOAD lib/key-functions/public/special.o
LOAD lib-other/pjrc/usb_keyboard/usb_keyboard.o
START GROUP
LOAD /usr/lib/gcc/avr/4.8.2/avr5/libgcc.a
LOAD /usr/lib/gcc/avr/4.8.2/../../../avr/lib/avr5/libm.a
LOAD /usr/lib/gcc/avr/4.8.2/../../../avr/lib/avr5/libc.a
END GROUP

.hash
 *(.hash)

.dynsym
 *(.dynsym)

.dynstr
 *(.dynstr)

.gnu.version
 *(.gnu.version)

.gnu.version_d
 *(.gnu.version_d)

.gnu.version_r
 *(.gnu.version_r)

.rel.init
 *(.rel.init)

.rela.init
 *(.rela.init)

.rel.text
 *(.rel.text)
 *(.rel.text.*)
 *(.rel.gnu.linkonce.t*)

.rela.text
 *(.rela.text)
 *(.rela.text.*)
 *(.rela.gnu.linkonce.t*)

.rel.fini
 *(.rel.fini)

.rela.fini
 *(.rela.fini)

.rel.rodata
 *(.rel.rodata)
 *(.rel.rodata.*)
 *(.rel.gnu.linkonce.r*)

.rela.rodata
 *(.rela.rodata)
 *(.rela.rodata.*)
 *(.rela.gnu.linkonce.r*)

.rel.data
 *(.rel.data)
 *(.rel.data.*)
 *(.rel.gnu.linkonce.d*)

.rela.data
 *(.rela.data)
 *(.rela.data.*)
 *(.rela.gnu.linkonce.d*)

.rel.ctors
 *(.rel.ctors)

.rela.ctors
 *(.rela.ctors)

.rel.dtors
 *(.rel.dtors)

.rela.dtors
 *(.rela.dtors)

.rel.got
 *(.rel.got)

.rela.got
 *(.rela.got)

.rel.bss
 *(.rel.bss)

.rela.bss
 *(.rela.bss)

.rel.plt
 *(.rel.plt)

.rela.plt
 *(.rela.plt)

.text           0x0000000000000000     0x2970
 *(.vectors)
 .vectors       0x0000000000000000       0xac /usr/lib/gcc/avr/4.8.2/../../../avr/lib/avr5/crtm32u4.o
                0x0000000000000000                __vectors
                0x0000000000000000                __vector_default
 *(.vectors)
 *(.progmem.gcc*)
 .progmem.gcc_sw_table._kbfun_press_release
                0x00000000000000ac       0x10 lib/key-functions/private.o
 .progmem.gcc_sw_table._kbfun_is_pressed
                0x00000000000000bc       0x10 lib/key-functions/private.o
 *(.progmem*)
 .progmem.data._kb_layout_release
                0x00000000000000cc      0x690 keyboard/ergodox/layout/ergodox-mod-reyD.o
                0x00000000000000cc                _kb_layout_release
 .progmem.data._kb_layout_press
                0x000000000000075c      0x690 keyboard/ergodox/layout/ergodox-mod-reyD.o
                0x000000000000075c                _kb_layout_press
 .progmem.data._kb_layout
                0x0000000000000dec      0x348 keyboard/ergodox/layout/ergodox-mod-reyD.o
                0x0000000000000dec                _kb_layout
 .progmem.data  0x0000000000001134      0x141 lib-other/pjrc/usb_keyboard/usb_keyboard.o
                0x0000000000001276                . = ALIGN (0x2)
 *fill*         0x0000000000001275        0x1 
                0x0000000000001276                __trampolines_start = .
 *(.trampolines)
 .trampolines   0x0000000000001276        0x0 linker stubs
 *(.trampolines*)
                0x0000000000001276                __trampolines_end = .
 *(.jumptables)
 *(.jumptables*)
 *(.lowtext)
 *(.lowtext*)
                0x0000000000001276                __ctors_start = .
 *(.ctors)
                0x0000000000001276                __ctors_end = .
                0x0000000000001276                __dtors_start = .
 *(.dtors)
                0x0000000000001276                __dtors_end = .
 SORT(*)(.ctors)
 SORT(*)(.dtors)
 *(.init0)
 .init0         0x0000000000001276        0x0 /usr/lib/gcc/avr/4.8.2/../../../avr/lib/avr5/crtm32u4.o
                0x0000000000001276                __init
 *(.init0)
 *(.init1)
 *(.init1)
 *(.init2)
 .init2         0x0000000000001276        0xc /usr/lib/gcc/avr/4.8.2/../../../avr/lib/avr5/crtm32u4.o
 *(.init2)
 *(.init3)
 *(.init3)
 *(.init4)
 .init4         0x0000000000001282       0x16 /usr/lib/gcc/avr/4.8.2/avr5/libgcc.a(_copy_data.o)
                0x0000000000001282                __do_copy_data
 .init4         0x0000000000001298       0x10 /usr/lib/gcc/avr/4.8.2/avr5/libgcc.a(_clear_bss.o)
                0x0000000000001298                __do_clear_bss
 *(.init4)
 *(.init5)
 *(.init5)
 *(.init6)
 *(.init6)
 *(.init7)
 *(.init7)
 *(.init8)
 *(.init8)
 *(.init9)
 .init9         0x00000000000012a8        0x6 /usr/lib/gcc/avr/4.8.2/../../../avr/lib/avr5/crtm32u4.o
 *(.init9)
 *(.text)
 .text          0x00000000000012ae        0x4 /usr/lib/gcc/avr/4.8.2/../../../avr/lib/avr5/crtm32u4.o
                0x00000000000012ae                __vector_38
                0x00000000000012ae                __vector_22
                0x00000000000012ae                __vector_28
                0x00000000000012ae                __vector_1
                0x00000000000012ae                __vector_32
                0x00000000000012ae                __vector_34
                0x00000000000012ae                __vector_24
                0x00000000000012ae                __vector_12
                0x00000000000012ae                __bad_interrupt
                0x00000000000012ae                __vector_6
                0x00000000000012ae                __vector_31
                0x00000000000012ae                __vector_35
                0x00000000000012ae                __vector_39
                0x00000000000012ae                __vector_3
                0x00000000000012ae                __vector_23
                0x00000000000012ae                __vector_30
                0x00000000000012ae                __vector_25
                0x00000000000012ae                __vector_13
                0x00000000000012ae                __vector_17
                0x00000000000012ae                __vector_19
                0x00000000000012ae                __vector_7
                0x00000000000012ae                __vector_41
                0x00000000000012ae                __vector_27
                0x00000000000012ae                __vector_5
                0x00000000000012ae                __vector_33
                0x00000000000012ae                __vector_37
                0x00000000000012ae                __vector_4
                0x00000000000012ae                __vector_9
                0x00000000000012ae                __vector_2
                0x00000000000012ae                __vector_21
                0x00000000000012ae                __vector_15
                0x00000000000012ae                __vector_36
                0x00000000000012ae                __vector_29
                0x00000000000012ae                __vector_40
                0x00000000000012ae                __vector_8
                0x00000000000012ae                __vector_26
                0x00000000000012ae                __vector_14
                0x00000000000012ae                __vector_16
                0x00000000000012ae                __vector_18
                0x00000000000012ae                __vector_20
                0x00000000000012ae                __vector_42
                0x00000000000012b2                . = ALIGN (0x2)
 *(.text.*)
 .text.main_exec_key
                0x00000000000012b2       0x60 main.o
                0x00000000000012b2                main_exec_key
 .text.main_layers_peek
                0x0000000000001312       0x1e main.o
                0x0000000000001312                main_layers_peek
 .text.startup.main
                0x0000000000001330      0x1a8 main.o
                0x0000000000001330                main
 .text.main_layers_push
                0x00000000000014d8       0x42 main.o
                0x00000000000014d8                main_layers_push
 .text.main_layers_pop_id
                0x000000000000151a       0x70 main.o
                0x000000000000151a                main_layers_pop_id
 .text.kb_init  0x000000000000158a       0x18 keyboard/ergodox/controller.o
                0x000000000000158a                kb_init
 .text.kb_update_matrix
                0x00000000000015a2       0x24 keyboard/ergodox/controller.o
                0x00000000000015a2                kb_update_matrix
 .text.mcp23018_init
                0x00000000000015c6       0x56 keyboard/ergodox/controller/mcp23018.o
                0x00000000000015c6                mcp23018_init
 .text.mcp23018_update_matrix
                0x000000000000161c       0xf2 keyboard/ergodox/controller/mcp23018.o
                0x000000000000161c                mcp23018_update_matrix
 .text.teensy_init
                0x000000000000170e      0x192 keyboard/ergodox/controller/teensy-2-0.o
                0x000000000000170e                teensy_init
 .text.teensy_update_matrix
                0x00000000000018a0      0x2c8 keyboard/ergodox/controller/teensy-2-0.o
                0x00000000000018a0                teensy_update_matrix
 .text._kbfun_press_release
                0x0000000000001b68       0xbe lib/key-functions/private.o
                0x0000000000001b68                _kbfun_press_release
 .text._kbfun_is_pressed
                0x0000000000001c26       0x54 lib/key-functions/private.o
                0x0000000000001c26                _kbfun_is_pressed
 .text._kbfun_mediakey_press_release
                0x0000000000001c7a       0x36 lib/key-functions/private.o
                0x0000000000001c7a                _kbfun_mediakey_press_release
 .text.twi_init
                0x0000000000001cb0       0x12 lib/twi/teensy-2-0.o
                0x0000000000001cb0                twi_init
 .text.twi_start
                0x0000000000001cc2       0x32 lib/twi/teensy-2-0.o
                0x0000000000001cc2                twi_start
 .text.twi_stop
                0x0000000000001cf4       0x10 lib/twi/teensy-2-0.o
                0x0000000000001cf4                twi_stop
 .text.twi_send
                0x0000000000001d04       0x40 lib/twi/teensy-2-0.o
                0x0000000000001d04                twi_send
 .text.twi_read
                0x0000000000001d44       0x2c lib/twi/teensy-2-0.o
                0x0000000000001d44                twi_read
 .text.layer_pop
                0x0000000000001d70       0x1e lib/key-functions/public/basic.o
 .text.layer_push
                0x0000000000001d8e       0x50 lib/key-functions/public/basic.o
 .text.kbfun_press_release
                0x0000000000001dde       0x2e lib/key-functions/public/basic.o
                0x0000000000001dde                kbfun_press_release
 .text.kbfun_layer_push_1
                0x0000000000001e0c        0x4 lib/key-functions/public/basic.o
                0x0000000000001e0c                kbfun_layer_push_1
 .text.kbfun_layer_pop_1
                0x0000000000001e10        0x4 lib/key-functions/public/basic.o
                0x0000000000001e10                kbfun_layer_pop_1
 .text.kbfun_layer_push_2
                0x0000000000001e14        0x4 lib/key-functions/public/basic.o
                0x0000000000001e14                kbfun_layer_push_2
 .text.kbfun_layer_pop_2
                0x0000000000001e18        0x4 lib/key-functions/public/basic.o
                0x0000000000001e18                kbfun_layer_pop_2
 .text.kbfun_layer_push_3
                0x0000000000001e1c        0x4 lib/key-functions/public/basic.o
                0x0000000000001e1c                kbfun_layer_push_3
 .text.kbfun_layer_pop_3
                0x0000000000001e20        0x4 lib/key-functions/public/basic.o
                0x0000000000001e20                kbfun_layer_pop_3
 .text.kbfun_layer_push_4
                0x0000000000001e24        0x4 lib/key-functions/public/basic.o
                0x0000000000001e24                kbfun_layer_push_4
 .text.kbfun_layer_pop_4
                0x0000000000001e28        0x4 lib/key-functions/public/basic.o
                0x0000000000001e28                kbfun_layer_pop_4
 .text.kbfun_jump_to_bootloader
                0x0000000000001e2c       0x64 lib/key-functions/public/device.o
                0x0000000000001e2c                kbfun_jump_to_bootloader
 .text.kbfun_press_release_removed_left_shift
                0x0000000000001e90       0x40 lib/key-functions/public/modrey.o
                0x0000000000001e90                kbfun_press_release_removed_left_shift
 .text.kbfun_press_release_removed_right_shift
                0x0000000000001ed0       0x40 lib/key-functions/public/modrey.o
                0x0000000000001ed0                kbfun_press_release_removed_right_shift
 .text.kbfun_press_release_removed_left_shift_reversed
                0x0000000000001f10       0x4a lib/key-functions/public/modrey.o
                0x0000000000001f10                kbfun_press_release_removed_left_shift_reversed
 .text.kbfun_press_release_removed_right_shift_reversed
                0x0000000000001f5a       0x4a lib/key-functions/public/modrey.o
                0x0000000000001f5a                kbfun_press_release_removed_right_shift_reversed
 .text.kbfun_press_release_removed_left_shift_with_altgr
                0x0000000000001fa4       0x48 lib/key-functions/public/modrey.o
                0x0000000000001fa4                kbfun_press_release_removed_left_shift_with_altgr
 .text.kbfun_press_release_removed_right_shift_with_altgr
                0x0000000000001fec       0x48 lib/key-functions/public/modrey.o
                0x0000000000001fec                kbfun_press_release_removed_right_shift_with_altgr
 .text.kbfun_press_release_removed_left_shift_reversed_with_altgr_reversed
                0x0000000000002034       0x52 lib/key-functions/public/modrey.o
                0x0000000000002034                kbfun_press_release_removed_left_shift_reversed_with_altgr_reversed
 .text.kbfun_press_release_removed_right_shift_reversed_with_altgr_reversed
                0x0000000000002086       0x52 lib/key-functions/public/modrey.o
                0x0000000000002086                kbfun_press_release_removed_right_shift_reversed_with_altgr_reversed
 .text.kbfun_press_release_removed_altgr
                0x00000000000020d8       0x40 lib/key-functions/public/modrey.o
                0x00000000000020d8                kbfun_press_release_removed_altgr
 .text.kbfun_press_release_removed_altgr_reversed
                0x0000000000002118       0x3a lib/key-functions/public/modrey.o
                0x0000000000002118                kbfun_press_release_removed_altgr_reversed
 .text.kbfun_press_release_removed_altgr_with_left_alt
                0x0000000000002152       0x48 lib/key-functions/public/modrey.o
                0x0000000000002152                kbfun_press_release_removed_altgr_with_left_alt
 .text.kbfun_press_release_removed_altgr_with_left_shift
                0x000000000000219a       0x48 lib/key-functions/public/modrey.o
                0x000000000000219a                kbfun_press_release_removed_altgr_with_left_shift
 .text.kbfun_press_release_removed_altgr_with_right_shift
                0x00000000000021e2       0x48 lib/key-functions/public/modrey.o
                0x00000000000021e2                kbfun_press_release_removed_altgr_with_right_shift
 .text.kbfun_press_release_removed_altgr_reversed_with_left_alt_reversed
                0x000000000000222a       0x42 lib/key-functions/public/modrey.o
                0x000000000000222a                kbfun_press_release_removed_altgr_reversed_with_left_alt_reversed
 .text.kbfun_press_release_removed_altgr_reversed_with_left_shift_reversed
                0x000000000000226c       0x52 lib/key-functions/public/modrey.o
                0x000000000000226c                kbfun_press_release_removed_altgr_reversed_with_left_shift_reversed
 .text.kbfun_press_release_removed_altgr_reversed_with_right_shift_reversed
                0x00000000000022be       0x52 lib/key-functions/public/modrey.o
                0x00000000000022be                kbfun_press_release_removed_altgr_reversed_with_right_shift_reversed
 .text.kbfun_mediakey_press_release
                0x0000000000002310       0x2e lib/key-functions/public/modrey.o
                0x0000000000002310                kbfun_mediakey_press_release
 .text.kbfun_layer_push_1_with_left_shift
                0x000000000000233e        0xa lib/key-functions/public/modrey.o
                0x000000000000233e                kbfun_layer_push_1_with_left_shift
 .text.kbfun_layer_pop_1_with_left_shift
                0x0000000000002348       0x26 lib/key-functions/public/modrey.o
                0x0000000000002348                kbfun_layer_pop_1_with_left_shift
 .text.kbfun_layer_push_2_with_right_shift
                0x000000000000236e        0xa lib/key-functions/public/modrey.o
                0x000000000000236e                kbfun_layer_push_2_with_right_shift
 .text.kbfun_layer_pop_2_with_right_shift
                0x0000000000002378       0x26 lib/key-functions/public/modrey.o
                0x0000000000002378                kbfun_layer_pop_2_with_right_shift
 .text.kbfun_layer_push_3_with_alt_gr
                0x000000000000239e        0xa lib/key-functions/public/modrey.o
                0x000000000000239e                kbfun_layer_push_3_with_alt_gr
 .text.kbfun_layer_pop_3_with_alt_gr
                0x00000000000023a8       0x1e lib/key-functions/public/modrey.o
                0x00000000000023a8                kbfun_layer_pop_3_with_alt_gr
 .text.kbfun_layer_push_4_remove_left_shift
                0x00000000000023c6        0xe lib/key-functions/public/modrey.o
                0x00000000000023c6                kbfun_layer_push_4_remove_left_shift
 .text.kbfun_layer_pop_4_remove_left_shift
                0x00000000000023d4       0x1e lib/key-functions/public/modrey.o
                0x00000000000023d4                kbfun_layer_pop_4_remove_left_shift
 .text.kbfun_layer_push_4_remove_right_shift
                0x00000000000023f2        0xe lib/key-functions/public/modrey.o
                0x00000000000023f2                kbfun_layer_push_4_remove_right_shift
 .text.kbfun_layer_pop_4_remove_right_shift
                0x0000000000002400       0x1e lib/key-functions/public/modrey.o
                0x0000000000002400                kbfun_layer_pop_4_remove_right_shift
 .text.kbfun_layer_push_4_remove_alt_gr
                0x000000000000241e        0xe lib/key-functions/public/modrey.o
                0x000000000000241e                kbfun_layer_push_4_remove_alt_gr
 .text.kbfun_layer_pop_4_remove_alt_gr
                0x000000000000242c       0x1e lib/key-functions/public/modrey.o
                0x000000000000242c                kbfun_layer_pop_4_remove_alt_gr
 .text.kbfun_mediakey_press_release_removed_altgr
                0x000000000000244a        0xe lib/key-functions/public/modrey.o
                0x000000000000244a                kbfun_mediakey_press_release_removed_altgr
 .text.kbfun_mediakey_press_release_removed_altgr_reversed
                0x0000000000002458        0xe lib/key-functions/public/modrey.o
                0x0000000000002458                kbfun_mediakey_press_release_removed_altgr_reversed
 .text.usb_wait_in_ready
                0x0000000000002466        0xa lib-other/pjrc/usb_keyboard/usb_keyboard.o
 .text.usb_init
                0x0000000000002470       0x2e lib-other/pjrc/usb_keyboard/usb_keyboard.o
                0x0000000000002470                usb_init
 .text.usb_configured
                0x000000000000249e        0x6 lib-other/pjrc/usb_keyboard/usb_keyboard.o
                0x000000000000249e                usb_configured
 .text.usb_keyboard_send
                0x00000000000024a4       0x74 lib-other/pjrc/usb_keyboard/usb_keyboard.o
                0x00000000000024a4                usb_keyboard_send
 .text.__vector_10
                0x0000000000002518       0xbe lib-other/pjrc/usb_keyboard/usb_keyboard.o
                0x0000000000002518                __vector_10
 .text.__vector_11
                0x00000000000025d6      0x2f0 lib-other/pjrc/usb_keyboard/usb_keyboard.o
                0x00000000000025d6                __vector_11
 .text.usb_extra_send
                0x00000000000028c6       0x5e lib-other/pjrc/usb_keyboard/usb_keyboard.o
                0x00000000000028c6                usb_extra_send
 .text.usb_extra_consumer_send
                0x0000000000002924       0x3c lib-other/pjrc/usb_keyboard/usb_keyboard.o
                0x0000000000002924                usb_extra_consumer_send
 .text.libgcc   0x0000000000002960        0xc /usr/lib/gcc/avr/4.8.2/avr5/libgcc.a(_tablejump.o)
                0x0000000000002960                __tablejump2__
                0x0000000000002964                __tablejump__
                0x000000000000296c                . = ALIGN (0x2)
 *(.fini9)
 .fini9         0x000000000000296c        0x0 /usr/lib/gcc/avr/4.8.2/avr5/libgcc.a(_exit.o)
                0x000000000000296c                exit
                0x000000000000296c                _exit
 *(.fini9)
 *(.fini8)
 *(.fini8)
 *(.fini7)
 *(.fini7)
 *(.fini6)
 *(.fini6)
 *(.fini5)
 *(.fini5)
 *(.fini4)
 *(.fini4)
 *(.fini3)
 *(.fini3)
 *(.fini2)
 *(.fini2)
 *(.fini1)
 *(.fini1)
 *(.fini0)
 .fini0         0x000000000000296c        0x4 /usr/lib/gcc/avr/4.8.2/avr5/libgcc.a(_exit.o)
 *(.fini0)
                0x0000000000002970                _etext = .

.data           0x0000000000800100       0x28 load address 0x0000000000002970
                0x0000000000800100                PROVIDE (__data_start, .)
 *(.data)
 .data          0x0000000000800100        0x0 /usr/lib/gcc/avr/4.8.2/../../../avr/lib/avr5/crtm32u4.o
 .data          0x0000000000800100        0x0 main.o
 .data          0x0000000000800100        0x0 keyboard/ergodox/controller.o
 .data          0x0000000000800100        0x0 keyboard/ergodox/controller/mcp23018.o
 .data          0x0000000000800100        0x0 keyboard/ergodox/controller/teensy-2-0.o
 .data          0x0000000000800100        0x0 keyboard/ergodox/layout/ergodox-mod-reyD.o
 .data          0x0000000000800100        0x0 lib/key-functions/private.o
 .data          0x0000000000800100        0x0 lib/twi/teensy-2-0.o
 .data          0x0000000000800100        0x0 lib/usb/TODO.o
 .data          0x0000000000800100        0x0 lib/key-functions/public/basic.o
 .data          0x0000000000800100        0x0 lib/key-functions/public/device.o
 .data          0x0000000000800100        0x0 lib/key-functions/public/modrey.o
 .data          0x0000000000800100        0x0 lib/key-functions/public/special.o
 .data          0x0000000000800100        0x0 lib-other/pjrc/usb_keyboard/usb_keyboard.o
 .data          0x0000000000800100        0x0 /usr/lib/gcc/avr/4.8.2/avr5/libgcc.a(_exit.o)
 .data          0x0000000000800100        0x0 /usr/lib/gcc/avr/4.8.2/avr5/libgcc.a(_tablejump.o)
 .data          0x0000000000800100        0x0 /usr/lib/gcc/avr/4.8.2/avr5/libgcc.a(_copy_data.o)
 .data          0x0000000000800100        0x0 /usr/lib/gcc/avr/4.8.2/avr5/libgcc.a(_clear_bss.o)
 *(.data*)
 .data.layers_ids_in_use
                0x0000000000800100       0x14 main.o
                0x0000000000800100                layers_ids_in_use
 .data.main_kb_was_pressed
                0x0000000000800114        0x2 main.o
                0x0000000000800114                main_kb_was_pressed
 .data.main_kb_is_pressed
                0x0000000000800116        0x2 main.o
                0x0000000000800116                main_kb_is_pressed
 .data.keyboard_idle_config
                0x0000000000800118        0x1 lib-other/pjrc/usb_keyboard/usb_keyboard.o
 .data.keyboard_protocol
                0x0000000000800119        0x1 lib-other/pjrc/usb_keyboard/usb_keyboard.o
 *(.rodata)
 *(.rodata*)
 .rodata._media_code_lookup_table
                0x000000000080011a        0xe lib/key-functions/private.o
 *(.gnu.linkonce.d*)
                0x0000000000800128                . = ALIGN (0x2)
                0x0000000000800128                _edata = .
                0x0000000000800128                PROVIDE (__data_end, .)

.bss            0x0000000000800128      0x150
                0x0000000000800128                PROVIDE (__bss_start, .)
 *(.bss)
 *(.bss*)
 .bss.layers_head
                0x0000000000800128        0x1 main.o
                0x0000000000800128                layers_head
 .bss._main_kb_was_pressed
                0x0000000000800129       0x54 main.o
 .bss._main_kb_is_pressed
                0x000000000080017d       0x54 main.o
 .bss.layer_ids
                0x00000000008001d1       0x14 lib/key-functions/public/basic.o
 .bss.keyboard_modifier_keys
                0x00000000008001e5        0x1 lib-other/pjrc/usb_keyboard/usb_keyboard.o
                0x00000000008001e5                keyboard_modifier_keys
 .bss.keyboard_keys
                0x00000000008001e6        0x6 lib-other/pjrc/usb_keyboard/usb_keyboard.o
                0x00000000008001e6                keyboard_keys
 .bss.keyboard_leds
                0x00000000008001ec        0x1 lib-other/pjrc/usb_keyboard/usb_keyboard.o
                0x00000000008001ec                keyboard_leds
 .bss.usb_configuration
                0x00000000008001ed        0x1 lib-other/pjrc/usb_keyboard/usb_keyboard.o
 .bss.keyboard_idle_count
                0x00000000008001ee        0x1 lib-other/pjrc/usb_keyboard/usb_keyboard.o
 .bss.div4.1490
                0x00000000008001ef        0x1 lib-other/pjrc/usb_keyboard/usb_keyboard.o
 *(COMMON)
 COMMON         0x00000000008001f0       0x84 main.o
                0x00000000008001f0                main_loop_row
                0x00000000008001f1                main_layers_pressed
                0x0000000000800245                main_arg_row
                0x0000000000800246                main_arg_layer
                0x0000000000800247                layers
                0x000000000080026f                main_arg_was_pressed
                0x0000000000800270                main_arg_is_pressed
                0x0000000000800271                main_loop_col
                0x0000000000800272                main_arg_layer_offset
                0x0000000000800273                main_arg_col
 COMMON         0x0000000000800274        0x4 lib-other/pjrc/usb_keyboard/usb_keyboard.o
                0x0000000000800274                consumer_key
                0x0000000000800276                last_consumer_key
                0x0000000000800278                PROVIDE (__bss_end, .)
                0x0000000000002970                __data_load_start = LOADADDR (.data)
                0x0000000000002998                __data_load_end = (__data_load_start + SIZEOF (.data))

.noinit         0x0000000000800278        0x0
                0x0000000000800278                PROVIDE (__noinit_start, .)
 *(.noinit*)
                0x0000000000800278                PROVIDE (__noinit_end, .)
                0x0000000000800278                _end = .
                0x0000000000800278                PROVIDE (__heap_start, .)

.eeprom         0x0000000000810000        0x0
 *(.eeprom*)
                0x0000000000810000                __eeprom_end = .

.fuse
 *(.fuse)
 *(.lfuse)
 *(.hfuse)
 *(.efuse)

.lock
 *(.lock*)

.signature
 *(.signature*)

.user_signatures
 *(.user_signatures*)

.stab           0x0000000000000000      0x6cc
 *(.stab)
 .stab          0x0000000000000000      0x6cc /usr/lib/gcc/avr/4.8.2/../../../avr/lib/avr5/crtm32u4.o

.stabstr        0x0000000000000000       0x54
 *(.stabstr)
 .stabstr       0x0000000000000000       0x54 /usr/lib/gcc/avr/4.8.2/../../../avr/lib/avr5/crtm32u4.o

.stab.excl
 *(.stab.excl)

.stab.exclstr
 *(.stab.exclstr)

.stab.index
 *(.stab.index)

.stab.indexstr
 *(.stab.indexstr)

.comment        0x0000000000000000       0x11
 *(.comment)
 .comment       0x0000000000000000       0x11 main.o
                                         0x12 (size before relaxing)
 .comment       0x0000000000000000       0x12 keyboard/ergodox/layout/ergodox-mod-reyD.o
 .comment       0x0000000000000000       0x12 lib/key-functions/private.o
 .comment       0x0000000000000000       0x12 lib/key-functions/public/basic.o
 .comment       0x0000000000000000       0x12 lib/key-functions/public/device.o
 .comment       0x0000000000000000       0x12 lib/key-functions/public/modrey.o
 .comment       0x0000000000000000       0x12 lib/key-functions/public/special.o

.debug
 *(.debug)

.line
 *(.line)

.debug_srcinfo
 *(.debug_srcinfo)

.debug_sfnames
 *(.debug_sfnames)

.debug_aranges
 *(.debug_aranges)

.debug_pubnames
 *(.debug_pubnames)

.debug_info
 *(.debug_info)
 *(.gnu.linkonce.wi.*)

.debug_abbrev
 *(.debug_abbrev)

.debug_line
 *(.debug_line)

.debug_frame
 *(.debug_frame)

.debug_str
 *(.debug_str)

.debug_loc
 *(.debug_loc)

.debug_macinfo
 *(.debug_macinfo)

.debug_pubtypes
 *(.debug_pubtypes)

.debug_ranges
 *(.debug_ranges)

.debug_macro
 *(.debug_macro)
OUTPUT(firmware.elf elf32-avr)
LOAD linker stubs

Cross Reference Table

Symbol                                            File
__bad_interrupt                                   /usr/lib/gcc/avr/4.8.2/../../../avr/lib/avr5/crtm32u4.o
__bss_end                                         /usr/lib/gcc/avr/4.8.2/avr5/libgcc.a(_clear_bss.o)
__bss_start                                       /usr/lib/gcc/avr/4.8.2/avr5/libgcc.a(_clear_bss.o)
__data_end                                        /usr/lib/gcc/avr/4.8.2/avr5/libgcc.a(_copy_data.o)
__data_load_start                                 /usr/lib/gcc/avr/4.8.2/avr5/libgcc.a(_copy_data.o)
__data_start                                      /usr/lib/gcc/avr/4.8.2/avr5/libgcc.a(_copy_data.o)
__do_clear_bss                                    /usr/lib/gcc/avr/4.8.2/avr5/libgcc.a(_clear_bss.o)
                                                  lib-other/pjrc/usb_keyboard/usb_keyboard.o
                                                  lib/key-functions/public/special.o
                                                  lib/key-functions/public/basic.o
                                                  main.o
__do_copy_data                                    /usr/lib/gcc/avr/4.8.2/avr5/libgcc.a(_copy_data.o)
                                                  lib-other/pjrc/usb_keyboard/usb_keyboard.o
                                                  lib/key-functions/private.o
                                                  main.o
__heap_end                                        /usr/lib/gcc/avr/4.8.2/../../../avr/lib/avr5/crtm32u4.o
__init                                            /usr/lib/gcc/avr/4.8.2/../../../avr/lib/avr5/crtm32u4.o
__stack                                           /usr/lib/gcc/avr/4.8.2/../../../avr/lib/avr5/crtm32u4.o
__tablejump2__                                    /usr/lib/gcc/avr/4.8.2/avr5/libgcc.a(_tablejump.o)
                                                  lib/key-functions/private.o
__tablejump__                                     /usr/lib/gcc/avr/4.8.2/avr5/libgcc.a(_tablejump.o)
__vector_1                                        /usr/lib/gcc/avr/4.8.2/../../../avr/lib/avr5/crtm32u4.o
__vector_10                                       lib-other/pjrc/usb_keyboard/usb_keyboard.o
                                                  /usr/lib/gcc/avr/4.8.2/../../../avr/lib/avr5/crtm32u4.o
__vector_11                                       lib-other/pjrc/usb_keyboard/usb_keyboard.o
                                                  /usr/lib/gcc/avr/4.8.2/../../../avr/lib/avr5/crtm32u4.o
__vector_12                                       /usr/lib/gcc/avr/4.8.2/../../../avr/lib/avr5/crtm32u4.o
__vector_13                                       /usr/lib/gcc/avr/4.8.2/../../../avr/lib/avr5/crtm32u4.o
__vector_14                                       /usr/lib/gcc/avr/4.8.2/../../../avr/lib/avr5/crtm32u4.o
__vector_15                                       /usr/lib/gcc/avr/4.8.2/../../../avr/lib/avr5/crtm32u4.o
__vector_16                                       /usr/lib/gcc/avr/4.8.2/../../../avr/lib/avr5/crtm32u4.o
__vector_17                                       /usr/lib/gcc/avr/4.8.2/../../../avr/lib/avr5/crtm32u4.o
__vector_18                                       /usr/lib/gcc/avr/4.8.2/../../../avr/lib/avr5/crtm32u4.o
__vector_19                                       /usr/lib/gcc/avr/4.8.2/../../../avr/lib/avr5/crtm32u4.o
__vector_2                                        /usr/lib/gcc/avr/4.8.2/../../../avr/lib/avr5/crtm32u4.o
__vector_20                                       /usr/lib/gcc/avr/4.8.2/../../../avr/lib/avr5/crtm32u4.o
__vector_21                                       /usr/lib/gcc/avr/4.8.2/../../../avr/lib/avr5/crtm32u4.o
__vector_22                                       /usr/lib/gcc/avr/4.8.2/../../../avr/lib/avr5/crtm32u4.o
__vector_23                                       /usr/lib/gcc/avr/4.8.2/../../../avr/lib/avr5/crtm32u4.o
__vector_24                                       /usr/lib/gcc/avr/4.8.2/../../../avr/lib/avr5/crtm32u4.o
__vector_25                                       /usr/lib/gcc/avr/4.8.2/../../../avr/lib/avr5/crtm32u4.o
__vector_26                                       /usr/lib/gcc/avr/4.8.2/../../../avr/lib/avr5/crtm32u4.o
__vector_27                                       /usr/lib/gcc/avr/4.8.2/../../../avr/lib/avr5/crtm32u4.o
__vector_28                                       /usr/lib/gcc/avr/4.8.2/../../../avr/lib/avr5/crtm32u4.o
__vector_29                                       /usr/lib/gcc/avr/4.8.2/../../../avr/lib/avr5/crtm32u4.o
__vector_3                                        /usr/lib/gcc/avr/4.8.2/../../../avr/lib/avr5/crtm32u4.o
__vector_30                                       /usr/lib/gcc/avr/4.8.2/../../../avr/lib/avr5/crtm32u4.o
__vector_31                                       /usr/lib/gcc/avr/4.8.2/../../../avr/lib/avr5/crtm32u4.o
__vector_32                                       /usr/lib/gcc/avr/4.8.2/../../../avr/lib/avr5/crtm32u4.o
__vector_33                                       /usr/lib/gcc/avr/4.8.2/../../../avr/lib/avr5/crtm32u4.o
__vector_34                                       /usr/lib/gcc/avr/4.8.2/../../../avr/lib/avr5/crtm32u4.o
__vector_35                                       /usr/lib/gcc/avr/4.8.2/../../../avr/lib/avr5/crtm32u4.o
__vector_36                                       /usr/lib/gcc/avr/4.8.2/../../../avr/lib/avr5/crtm32u4.o
__vector_37                                       /usr/lib/gcc/avr/4.8.2/../../../avr/lib/avr5/crtm32u4.o
__vector_38                                       /usr/lib/gcc/avr/4.8.2/../../../avr/lib/avr5/crtm32u4.o
__vector_39                                       /usr/lib/gcc/avr/4.8.2/../../../avr/lib/avr5/crtm32u4.o
__vector_4                                        /usr/lib/gcc/avr/4.8.2/../../../avr/lib/avr5/crtm32u4.o
__vector_40                                       /usr/lib/gcc/avr/4.8.2/../../../avr/lib/avr5/crtm32u4.o
__vector_41                                       /usr/lib/gcc/avr/4.8.2/../../../avr/lib/avr5/crtm32u4.o
__vector_42                                       /usr/lib/gcc/avr/4.8.2/../../../avr/lib/avr5/crtm32u4.o
__vector_5                                        /usr/lib/gcc/avr/4.8.2/../../../avr/lib/avr5/crtm32u4.o
__vector_6                                        /usr/lib/gcc/avr/4.8.2/../../../avr/lib/avr5/crtm32u4.o
__vector_7                                        /usr/lib/gcc/avr/4.8.2/../../../avr/lib/avr5/crtm32u4.o
__vector_8                                        /usr/lib/gcc/avr/4.8.2/../../../avr/lib/avr5/crtm32u4.o
__vector_9                                        /usr/lib/gcc/avr/4.8.2/../../../avr/lib/avr5/crtm32u4.o
__vector_default                                  /usr/lib/gcc/avr/4.8.2/../../../avr/lib/avr5/crtm32u4.o
__vectors                                         /usr/lib/gcc/avr/4.8.2/../../../avr/lib/avr5/crtm32u4.o
_exit                                             /usr/lib/gcc/avr/4.8.2/avr5/libgcc.a(_exit.o)
_kb_layout                                        keyboard/ergodox/layout/ergodox-mod-reyD.o
                                                  lib/key-functions/public/special.o
                                                  lib/key-functions/public/modrey.o
                                                  lib/key-functions/public/basic.o
_kb_layout_press                                  keyboard/ergodox/layout/ergodox-mod-reyD.o
                                                  main.o
_kb_layout_release                                keyboard/ergodox/layout/ergodox-mod-reyD.o
                                                  main.o
_kbfun_is_pressed                                 lib/key-functions/private.o
                                                  lib/key-functions/public/special.o
                                                  lib/key-functions/public/modrey.o
                                                  lib/key-functions/public/basic.o
_kbfun_mediakey_press_release                     lib/key-functions/private.o
                                                  lib/key-functions/public/modrey.o
_kbfun_press_release                              lib/key-functions/private.o
                                                  lib/key-functions/public/special.o
                                                  lib/key-functions/public/modrey.o
                                                  lib/key-functions/public/basic.o
_kbfun_toggle                                     lib/key-functions/private.o
consumer_key                                      lib-other/pjrc/usb_keyboard/usb_keyboard.o
                                                  lib/key-functions/private.o
exit                                              /usr/lib/gcc/avr/4.8.2/avr5/libgcc.a(_exit.o)
                                                  /usr/lib/gcc/avr/4.8.2/../../../avr/lib/avr5/crtm32u4.o
kb_init                                           keyboard/ergodox/controller.o
                                                  main.o
kb_update_matrix                                  keyboard/ergodox/controller.o
                                                  main.o
kbfun_2_keys_capslock_press_release               lib/key-functions/public/special.o
kbfun_jump_to_bootloader                          lib/key-functions/public/device.o
                                                  keyboard/ergodox/layout/ergodox-mod-reyD.o
kbfun_layer_pop_1                                 lib/key-functions/public/basic.o
                                                  lib/key-functions/public/modrey.o
kbfun_layer_pop_10                                lib/key-functions/public/basic.o
kbfun_layer_pop_1_with_left_shift                 lib/key-functions/public/modrey.o
                                                  keyboard/ergodox/layout/ergodox-mod-reyD.o
kbfun_layer_pop_2                                 lib/key-functions/public/basic.o
                                                  lib/key-functions/public/modrey.o
kbfun_layer_pop_2_with_right_shift                lib/key-functions/public/modrey.o
                                                  keyboard/ergodox/layout/ergodox-mod-reyD.o
kbfun_layer_pop_3                                 lib/key-functions/public/basic.o
                                                  lib/key-functions/public/modrey.o
kbfun_layer_pop_3_with_alt_gr                     lib/key-functions/public/modrey.o
                                                  keyboard/ergodox/layout/ergodox-mod-reyD.o
kbfun_layer_pop_4                                 lib/key-functions/public/basic.o
                                                  lib/key-functions/public/modrey.o
kbfun_layer_pop_4_remove_alt_gr                   lib/key-functions/public/modrey.o
                                                  keyboard/ergodox/layout/ergodox-mod-reyD.o
kbfun_layer_pop_4_remove_left_shift               lib/key-functions/public/modrey.o
                                                  keyboard/ergodox/layout/ergodox-mod-reyD.o
kbfun_layer_pop_4_remove_right_shift              lib/key-functions/public/modrey.o
                                                  keyboard/ergodox/layout/ergodox-mod-reyD.o
kbfun_layer_pop_5                                 lib/key-functions/public/basic.o
kbfun_layer_pop_6                                 lib/key-functions/public/basic.o
kbfun_layer_pop_7                                 lib/key-functions/public/basic.o
kbfun_layer_pop_8                                 lib/key-functions/public/basic.o
kbfun_layer_pop_9                                 lib/key-functions/public/basic.o
kbfun_layer_pop_all                               keyboard/ergodox/layout/ergodox-mod-reyD.o
kbfun_layer_pop_numpad                            lib/key-functions/public/special.o
kbfun_layer_push_1                                lib/key-functions/public/basic.o
                                                  lib/key-functions/public/modrey.o
kbfun_layer_push_10                               lib/key-functions/public/basic.o
kbfun_layer_push_1_with_left_shift                lib/key-functions/public/modrey.o
                                                  keyboard/ergodox/layout/ergodox-mod-reyD.o
kbfun_layer_push_2                                lib/key-functions/public/basic.o
                                                  lib/key-functions/public/modrey.o
kbfun_layer_push_2_with_right_shift               lib/key-functions/public/modrey.o
                                                  keyboard/ergodox/layout/ergodox-mod-reyD.o
kbfun_layer_push_3                                lib/key-functions/public/basic.o
                                                  lib/key-functions/public/modrey.o
kbfun_layer_push_3_with_alt_gr                    lib/key-functions/public/modrey.o
                                                  keyboard/ergodox/layout/ergodox-mod-reyD.o
kbfun_layer_push_4                                lib/key-functions/public/basic.o
                                                  lib/key-functions/public/modrey.o
kbfun_layer_push_4_remove_alt_gr                  lib/key-functions/public/modrey.o
                                                  keyboard/ergodox/layout/ergodox-mod-reyD.o
kbfun_layer_push_4_remove_left_shift              lib/key-functions/public/modrey.o
                                                  keyboard/ergodox/layout/ergodox-mod-reyD.o
kbfun_layer_push_4_remove_right_shift             lib/key-functions/public/modrey.o
                                                  keyboard/ergodox/layout/ergodox-mod-reyD.o
kbfun_layer_push_5                                lib/key-functions/public/basic.o
kbfun_layer_push_6                                lib/key-functions/public/basic.o
kbfun_layer_push_7                                lib/key-functions/public/basic.o
kbfun_layer_push_8                                lib/key-functions/public/basic.o
kbfun_layer_push_9                                lib/key-functions/public/basic.o
kbfun_layer_push_numpad                           lib/key-functions/public/special.o
kbfun_mediakey_press_release                      lib/key-functions/public/modrey.o
kbfun_mediakey_press_release_removed_altgr        lib/key-functions/public/modrey.o
                                                  keyboard/ergodox/layout/ergodox-mod-reyD.o
kbfun_mediakey_press_release_removed_altgr_reversed lib/key-functions/public/modrey.o
                                                  keyboard/ergodox/layout/ergodox-mod-reyD.o
kbfun_mediakey_press_release_with_altgr           lib/key-functions/public/modrey.o
kbfun_mediakey_press_release_with_altgr_reversed  lib/key-functions/public/modrey.o
kbfun_press_release                               lib/key-functions/public/basic.o
                                                  lib/key-functions/public/special.o
                                                  keyboard/ergodox/layout/ergodox-mod-reyD.o
kbfun_press_release_removed_altgr                 lib/key-functions/public/modrey.o
                                                  keyboard/ergodox/layout/ergodox-mod-reyD.o
kbfun_press_release_removed_altgr_reversed        lib/key-functions/public/modrey.o
                                                  keyboard/ergodox/layout/ergodox-mod-reyD.o
kbfun_press_release_removed_altgr_reversed_with_left_alt_reversed lib/key-functions/public/modrey.o
                                                  keyboard/ergodox/layout/ergodox-mod-reyD.o
kbfun_press_release_removed_altgr_reversed_with_left_shift_reversed lib/key-functions/public/modrey.o
                                                  keyboard/ergodox/layout/ergodox-mod-reyD.o
kbfun_press_release_removed_altgr_reversed_with_right_shift_reversed lib/key-functions/public/modrey.o
                                                  keyboard/ergodox/layout/ergodox-mod-reyD.o
kbfun_press_release_removed_altgr_with_left_alt   lib/key-functions/public/modrey.o
                                                  keyboard/ergodox/layout/ergodox-mod-reyD.o
kbfun_press_release_removed_altgr_with_left_shift lib/key-functions/public/modrey.o
                                                  keyboard/ergodox/layout/ergodox-mod-reyD.o
kbfun_press_release_removed_altgr_with_right_shift lib/key-functions/public/modrey.o
                                                  keyboard/ergodox/layout/ergodox-mod-reyD.o
kbfun_press_release_removed_left_shift            lib/key-functions/public/modrey.o
                                                  keyboard/ergodox/layout/ergodox-mod-reyD.o
kbfun_press_release_removed_left_shift_reversed   lib/key-functions/public/modrey.o
                                                  keyboard/ergodox/layout/ergodox-mod-reyD.o
kbfun_press_release_removed_left_shift_reversed_with_altgr_reversed lib/key-functions/public/modrey.o
                                                  keyboard/ergodox/layout/ergodox-mod-reyD.o
kbfun_press_release_removed_left_shift_with_altgr lib/key-functions/public/modrey.o
                                                  keyboard/ergodox/layout/ergodox-mod-reyD.o
kbfun_press_release_removed_right_shift           lib/key-functions/public/modrey.o
                                                  keyboard/ergodox/layout/ergodox-mod-reyD.o
kbfun_press_release_removed_right_shift_reversed  lib/key-functions/public/modrey.o
                                                  keyboard/ergodox/layout/ergodox-mod-reyD.o
kbfun_press_release_removed_right_shift_reversed_with_altgr_reversed lib/key-functions/public/modrey.o
                                                  keyboard/ergodox/layout/ergodox-mod-reyD.o
kbfun_press_release_removed_right_shift_with_altgr lib/key-functions/public/modrey.o
                                                  keyboard/ergodox/layout/ergodox-mod-reyD.o
kbfun_press_release_with_altgr                    lib/key-functions/public/modrey.o
kbfun_press_release_with_altgr_reversed           lib/key-functions/public/modrey.o
kbfun_press_release_with_left_alt                 lib/key-functions/public/modrey.o
kbfun_press_release_with_left_alt_reversed        lib/key-functions/public/modrey.o
kbfun_press_release_with_left_shift               lib/key-functions/public/modrey.o
kbfun_press_release_with_left_shift_reversed      lib/key-functions/public/modrey.o
kbfun_press_release_with_right_shift              lib/key-functions/public/modrey.o
kbfun_press_release_with_right_shift_reversed     lib/key-functions/public/modrey.o
kbfun_shift_press_release                         lib/key-functions/public/special.o
kbfun_toggle                                      lib/key-functions/public/basic.o
kbfun_transparent                                 lib/key-functions/public/basic.o
keyboard_keys                                     lib-other/pjrc/usb_keyboard/usb_keyboard.o
                                                  lib/key-functions/private.o
keyboard_leds                                     lib-other/pjrc/usb_keyboard/usb_keyboard.o
                                                  main.o
keyboard_modifier_keys                            lib-other/pjrc/usb_keyboard/usb_keyboard.o
                                                  lib/key-functions/private.o
last_consumer_key                                 lib-other/pjrc/usb_keyboard/usb_keyboard.o
layers                                            main.o
layers_head                                       main.o
layers_ids_in_use                                 main.o
main                                              main.o
                                                  /usr/lib/gcc/avr/4.8.2/../../../avr/lib/avr5/crtm32u4.o
main_arg_col                                      lib/key-functions/public/special.o
                                                  lib/key-functions/public/modrey.o
                                                  lib/key-functions/public/basic.o
                                                  main.o
main_arg_is_pressed                               lib/key-functions/public/special.o
                                                  lib/key-functions/public/modrey.o
                                                  lib/key-functions/public/basic.o
                                                  main.o
main_arg_layer                                    lib/key-functions/public/special.o
                                                  lib/key-functions/public/modrey.o
                                                  lib/key-functions/public/basic.o
                                                  main.o
main_arg_layer_offset                             lib/key-functions/public/basic.o
                                                  main.o
main_arg_row                                      lib/key-functions/public/special.o
                                                  lib/key-functions/public/modrey.o
                                                  lib/key-functions/public/basic.o
                                                  main.o
main_arg_was_pressed                              main.o
main_exec_key                                     main.o
                                                  lib/key-functions/public/basic.o
main_kb_is_pressed                                main.o
main_kb_was_pressed                               main.o
main_layers_get_offset_id                         main.o
main_layers_peek                                  main.o
                                                  lib/key-functions/public/basic.o
main_layers_pop_id                                main.o
                                                  lib/key-functions/public/special.o
                                                  lib/key-functions/public/basic.o
main_layers_pressed                               lib/key-functions/public/basic.o
                                                  main.o
main_layers_push                                  main.o
                                                  lib/key-functions/public/special.o
                                                  lib/key-functions/public/basic.o
main_loop_col                                     main.o
main_loop_row                                     main.o
mcp23018_init                                     keyboard/ergodox/controller/mcp23018.o
                                                  keyboard/ergodox/controller.o
mcp23018_update_matrix                            keyboard/ergodox/controller/mcp23018.o
                                                  keyboard/ergodox/controller.o
teensy_init                                       keyboard/ergodox/controller/teensy-2-0.o
                                                  keyboard/ergodox/controller.o
teensy_update_matrix                              keyboard/ergodox/controller/teensy-2-0.o
                                                  keyboard/ergodox/controller.o
twi_init                                          lib/twi/teensy-2-0.o
                                                  keyboard/ergodox/controller/teensy-2-0.o
twi_read                                          lib/twi/teensy-2-0.o
                                                  keyboard/ergodox/controller/mcp23018.o
twi_send                                          lib/twi/teensy-2-0.o
                                                  keyboard/ergodox/controller/mcp23018.o
twi_start                                         lib/twi/teensy-2-0.o
                                                  keyboard/ergodox/controller/mcp23018.o
twi_stop                                          lib/twi/teensy-2-0.o
                                                  keyboard/ergodox/controller/mcp23018.o
usb_configured                                    lib-other/pjrc/usb_keyboard/usb_keyboard.o
                                                  main.o
usb_extra_consumer_send                           lib-other/pjrc/usb_keyboard/usb_keyboard.o
                                                  main.o
usb_extra_send                                    lib-other/pjrc/usb_keyboard/usb_keyboard.o
usb_init                                          lib-other/pjrc/usb_keyboard/usb_keyboard.o
                                                  main.o
usb_keyboard_press                                lib-other/pjrc/usb_keyboard/usb_keyboard.o
usb_keyboard_send                                 lib-other/pjrc/usb_keyboard/usb_keyboard.o
                                                  lib/key-functions/public/special.o
                                                  main.o
